
> frontend@0.0.0 build
> tsc -b && vite build

src/pages/templates/template-details-sheet.tsx(459,1): error TS1128: Declaration or statement expected.
